
> mia-motivator@1.0.0 dev
> vite --host 127.0.0.1


  [32m[1mVITE[22m v7.3.5[39m  [2mready in [0m[1m1251[22m[2m[0m ms[22m

  [32m➜[39m  [1mLocal[22m:   [36mhttp://127.0.0.1:[1m5173[22m/[39m
[2m[32m  ➜[39m[22m[2m  press [22m[1mh + enter[22m[2m to show help[22m
[2m21:57:50[22m [36m[1m[vite][22m[39m [90m[2m(client)[22m[39m [32mhmr update [39m[2m/@fs/C:/Users/jakob/HeimProjekte/MiaMotivator/src/index.css[22m
[2m21:57:50[22m [36m[1m[vite][22m[39m [90m[2m(client)[22m[39m [32mpage reload [39m[2mC:/Users/jakob/HeimProjekte/MiaMotivator/src/App.jsx[22m
[2m21:57:50[22m [36m[1m[vite][22m[39m [90m[2m(client)[22m[39m [32mhmr update [39m[2m/@fs/C:/Users/jakob/HeimProjekte/MiaMotivator/src/index.css[22m
[2m21:57:50[22m [36m[1m[vite][22m[39m [90m[2m(client)[22m[39m [32mpage reload [39m[2mC:/Users/jakob/HeimProjekte/MiaMotivator/src/components/FloatingBackground.jsx[22m
[2m21:57:50[22m [36m[1m[vite][22m[39m [90m[2m(client)[22m[39m [32mhmr update [39m[2m/@fs/C:/Users/jakob/HeimProjekte/MiaMotivator/src/index.css[22m
[2m21:57:50[22m [36m[1m[vite][22m[39m [90m[2m(client)[22m[39m [32mpage reload [39m[2mC:/Users/jakob/HeimProjekte/MiaMotivator/src/components/Hero.jsx[22m
[2m21:57:50[22m [36m[1m[vite][22m[39m [90m[2m(client)[22m[39m [32mhmr update [39m[2m/@fs/C:/Users/jakob/HeimProjekte/MiaMotivator/src/index.css[22m
[2m21:57:50[22m [36m[1m[vite][22m[39m [90m[2m(client)[22m[39m [32mpage reload [39m[2mC:/Users/jakob/HeimProjekte/MiaMotivator/src/components/Countdown.jsx[22m
[2m21:57:50[22m [36m[1m[vite][22m[39m [90m[2m(client)[22m[39m [32mhmr update [39m[2m/@fs/C:/Users/jakob/HeimProjekte/MiaMotivator/src/index.css[22m
[2m21:57:50[22m [36m[1m[vite][22m[39m [90m[2m(client)[22m[39m [32mpage reload [39m[2mC:/Users/jakob/HeimProjekte/MiaMotivator/src/components/TipCarousel.jsx[22m
[2m21:57:50[22m [36m[1m[vite][22m[39m [90m[2m(client)[22m[39m [32mhmr update [39m[2m/@fs/C:/Users/jakob/HeimProjekte/MiaMotivator/src/index.css[22m
[2m21:57:50[22m [36m[1m[vite][22m[39m [90m[2m(client)[22m[39m [32mpage reload [39m[2mC:/Users/jakob/HeimProjekte/MiaMotivator/src/components/BreathingExercise.jsx[22m
[2m21:57:51[22m [36m[1m[vite][22m[39m [90m[2m(client)[22m[39m [32mhmr update [39m[2m/@fs/C:/Users/jakob/HeimProjekte/MiaMotivator/src/index.css[22m
[2m21:57:51[22m [36m[1m[vite][22m[39m [90m[2m(client)[22m[39m [32mpage reload [39m[2mC:/Users/jakob/HeimProjekte/MiaMotivator/src/components/MotivationSection.jsx[22m
[2m21:57:51[22m [36m[1m[vite][22m[39m [90m[2m(client)[22m[39m [32mhmr update [39m[2m/@fs/C:/Users/jakob/HeimProjekte/MiaMotivator/src/index.css[22m
[2m21:57:51[22m [36m[1m[vite][22m[39m [90m[2m(client)[22m[39m [32mpage reload [39m[2mC:/Users/jakob/HeimProjekte/MiaMotivator/src/components/LastMinuteTips.jsx[22m
[2m21:57:51[22m [36m[1m[vite][22m[39m [90m[2m(client)[22m[39m [32mhmr update [39m[2m/@fs/C:/Users/jakob/HeimProjekte/MiaMotivator/src/index.css[22m
[2m21:57:51[22m [36m[1m[vite][22m[39m [90m[2m(client)[22m[39m [32mpage reload [39m[2mC:/Users/jakob/HeimProjekte/MiaMotivator/src/components/ProgressReady.jsx[22m
[2m21:57:51[22m [36m[1m[vite][22m[39m [90m[2m(client)[22m[39m [32mhmr update [39m[2m/@fs/C:/Users/jakob/HeimProjekte/MiaMotivator/src/index.css[22m
[2m21:57:51[22m [36m[1m[vite][22m[39m [90m[2m(client)[22m[39m [32mpage reload [39m[2mC:/Users/jakob/HeimProjekte/MiaMotivator/src/components/StressButton.jsx[22m
[2m21:57:51[22m [36m[1m[vite][22m[39m [90m[2m(client)[22m[39m [32mhmr update [39m[2m/@fs/C:/Users/jakob/HeimProjekte/MiaMotivator/src/index.css[22m
[2m21:57:51[22m [36m[1m[vite][22m[39m [90m[2m(client)[22m[39m [32mpage reload [39m[2mC:/Users/jakob/HeimProjekte/MiaMotivator/src/components/ConfettiButton.jsx[22m
[2m22:02:58[22m [36m[1m[vite][22m[39m [90m[2m(client)[22m[39m [32mhmr update [39m[2m/@fs/C:/Users/jakob/HeimProjekte/MiaMotivator/src/index.css[22m
[2m22:02:58[22m [36m[1m[vite][22m[39m [90m[2m(client)[22m[39m [32mpage reload [39m[2mC:/Users/jakob/HeimProjekte/MiaMotivator/src/App.jsx[22m
[2m22:02:58[22m [31m[1m[vite][22m[39m [31m[2m(client)[22m[39m Pre-transform error: Failed to load url /@fs/C:/Users/jakob/HeimProjekte/MiaMotivator/src/App.jsx (resolved id: C:/Users/jakob/HeimProjekte/MiaMotivator/src/App.jsx) in C:/Users/jakob/HeimProjekte/MiaMotivator/src/main.jsx. Does the file exist?
[2m22:02:58[22m [36m[1m[vite][22m[39m [90m[2m(client)[22m[39m [32mpage reload [39m[2mC:/Users/jakob/HeimProjekte/MiaMotivator/src/App.jsx[22m
[2m22:02:58[22m [36m[1m[vite][22m[39m [90m[2m(client)[22m[39m [32mpage reload [39m[2msrc/App.jsx[22m
[2m22:02:58[22m [31m[1m[vite][22m[39m [31m[2m(client)[22m[39m Pre-transform error: Failed to resolve import "./components/MobileActionBar.jsx" from "src/App.jsx". Does the file exist?
  Plugin: [35mvite:import-analysis[39m
  File: [36mC:/Users/jakob/HeimProjekte/MiaMotivator/src/App.jsx[39m:9:28
[33m  7  |  import ProgressReady from "./components/ProgressReady.jsx";
  8  |  import StressButton from "./components/StressButton.jsx";
  9  |  import MobileActionBar from "./components/MobileActionBar.jsx";
     |                               ^
  10 |  import FloatingBackground from "./components/FloatingBackground.jsx";
  11 |  import { tips } from "./data/tips.js";[39m
[2m22:02:58[22m [31m[1m[vite][22m[39m [31mInternal server error: Failed to resolve import "./components/MobileActionBar.jsx" from "src/App.jsx". Does the file exist?[39m
  Plugin: [35mvite:import-analysis[39m
  File: [36mC:/Users/jakob/HeimProjekte/MiaMotivator/src/App.jsx[39m:9:28
[33m  7  |  import ProgressReady from "./components/ProgressReady.jsx";
  8  |  import StressButton from "./components/StressButton.jsx";
  9  |  import MobileActionBar from "./components/MobileActionBar.jsx";
     |                               ^
  10 |  import FloatingBackground from "./components/FloatingBackground.jsx";
  11 |  import { tips } from "./data/tips.js";[39m
      at TransformPluginContext._formatLog (file:///c:/Users/jakob/HeimProjekte/MiaMotivator/node_modules/vite/dist/node/chunks/config.js:29079:43)
      at TransformPluginContext.error (file:///c:/Users/jakob/HeimProjekte/MiaMotivator/node_modules/vite/dist/node/chunks/config.js:29076:14)
      at normalizeUrl (file:///c:/Users/jakob/HeimProjekte/MiaMotivator/node_modules/vite/dist/node/chunks/config.js:27199:18)
      at process.processTicksAndRejections (node:internal/process/task_queues:105:5)
      at async file:///c:/Users/jakob/HeimProjekte/MiaMotivator/node_modules/vite/dist/node/chunks/config.js:27257:32
      at async Promise.all (index 8)
      at async TransformPluginContext.transform (file:///c:/Users/jakob/HeimProjekte/MiaMotivator/node_modules/vite/dist/node/chunks/config.js:27225:4)
      at async EnvironmentPluginContainer.transform (file:///c:/Users/jakob/HeimProjekte/MiaMotivator/node_modules/vite/dist/node/chunks/config.js:28877:14)
      at async loadAndTransform (file:///c:/Users/jakob/HeimProjekte/MiaMotivator/node_modules/vite/dist/node/chunks/config.js:22746:26)
      at async viteTransformMiddleware (file:///c:/Users/jakob/HeimProjekte/MiaMotivator/node_modules/vite/dist/node/chunks/config.js:24622:20)
[2m22:02:59[22m [36m[1m[vite][22m[39m [90m[2m(client)[22m[39m [32mhmr update [39m[2m/@fs/C:/Users/jakob/HeimProjekte/MiaMotivator/src/index.css[22m
[2m22:02:59[22m [36m[1m[vite][22m[39m [90m[2m(client)[22m[39m [32mpage reload [39m[2mC:/Users/jakob/HeimProjekte/MiaMotivator/src/components/Hero.jsx[22m
[2m22:02:59[22m [31m[1m[vite][22m[39m [31m[2m(client)[22m[39m Pre-transform error: Failed to resolve import "./components/Hero.jsx" from "src/App.jsx". Does the file exist?
  Plugin: [35mvite:import-analysis[39m
  File: [36mC:/Users/jakob/HeimProjekte/MiaMotivator/src/App.jsx[39m:2:17
[33m  1  |  import React, { useMemo, useRef, useState } from "react";
  2  |  import Hero from "./components/Hero.jsx";
     |                    ^
  3  |  import TipCarousel from "./components/TipCarousel.jsx";
  4  |  import BreathingExercise from "./components/BreathingExercise.jsx";[39m
[2m22:02:59[22m [36m[1m[vite][22m[39m [90m[2m(client)[22m[39m [32mpage reload [39m[2mC:/Users/jakob/HeimProjekte/MiaMotivator/src/components/Hero.jsx[22m
[2m22:02:59[22m [36m[1m[vite][22m[39m [90m[2m(client)[22m[39m [32mpage reload [39m[2msrc/components/Hero.jsx[22m
[2m22:02:59[22m [31m[1m[vite][22m[39m [31mInternal server error: Failed to resolve import "./components/MobileActionBar.jsx" from "src/App.jsx". Does the file exist?[39m
  Plugin: [35mvite:import-analysis[39m
  File: [36mC:/Users/jakob/HeimProjekte/MiaMotivator/src/App.jsx[39m:9:28
[33m  7  |  import ProgressReady from "./components/ProgressReady.jsx";
  8  |  import StressButton from "./components/StressButton.jsx";
  9  |  import MobileActionBar from "./components/MobileActionBar.jsx";
     |                               ^
  10 |  import FloatingBackground from "./components/FloatingBackground.jsx";
  11 |  import { tips } from "./data/tips.js";[39m
      at TransformPluginContext._formatLog (file:///c:/Users/jakob/HeimProjekte/MiaMotivator/node_modules/vite/dist/node/chunks/config.js:29079:43)
      at TransformPluginContext.error (file:///c:/Users/jakob/HeimProjekte/MiaMotivator/node_modules/vite/dist/node/chunks/config.js:29076:14)
      at normalizeUrl (file:///c:/Users/jakob/HeimProjekte/MiaMotivator/node_modules/vite/dist/node/chunks/config.js:27199:18)
      at process.processTicksAndRejections (node:internal/process/task_queues:105:5)
      at async file:///c:/Users/jakob/HeimProjekte/MiaMotivator/node_modules/vite/dist/node/chunks/config.js:27257:32
      at async Promise.all (index 8)
      at async TransformPluginContext.transform (file:///c:/Users/jakob/HeimProjekte/MiaMotivator/node_modules/vite/dist/node/chunks/config.js:27225:4)
      at async EnvironmentPluginContainer.transform (file:///c:/Users/jakob/HeimProjekte/MiaMotivator/node_modules/vite/dist/node/chunks/config.js:28877:14)
      at async loadAndTransform (file:///c:/Users/jakob/HeimProjekte/MiaMotivator/node_modules/vite/dist/node/chunks/config.js:22746:26)
      at async viteTransformMiddleware (file:///c:/Users/jakob/HeimProjekte/MiaMotivator/node_modules/vite/dist/node/chunks/config.js:24622:20)
[2m22:02:59[22m [31m[1m[vite][22m[39m [31m[2m(client)[22m[39m Pre-transform error: Failed to resolve import "./ExamSchedule.jsx" from "src/components/Hero.jsx". Does the file exist?
  Plugin: [35mvite:import-analysis[39m
  File: [36mC:/Users/jakob/HeimProjekte/MiaMotivator/src/components/Hero.jsx[39m:5:25
[33m  3  |  import Countdown from "./Countdown.jsx";
  4  |  import ConfettiButton from "./ConfettiButton.jsx";
  5  |  import ExamSchedule from "./ExamSchedule.jsx";
     |                            ^
  6  |  export default function Hero({ examSchedule, featuredTip, onStress }) {
  7  |    const scrollToTips = () => {[39m
[2m22:02:59[22m [36m[1m[vite][22m[39m [90m[2m(client)[22m[39m [32mhmr update [39m[2m/@fs/C:/Users/jakob/HeimProjekte/MiaMotivator/src/index.css[22m
[2m22:02:59[22m [36m[1m[vite][22m[39m [90m[2m(client)[22m[39m [32mpage reload [39m[2mC:/Users/jakob/HeimProjekte/MiaMotivator/src/components/Countdown.jsx[22m
[2m22:02:59[22m [31m[1m[vite][22m[39m [31m[2m(client)[22m[39m Pre-transform error: Failed to resolve import "./components/MobileActionBar.jsx" from "src/App.jsx". Does the file exist?
  Plugin: [35mvite:import-analysis[39m
  File: [36mC:/Users/jakob/HeimProjekte/MiaMotivator/src/App.jsx[39m:9:28
[33m  7  |  import ProgressReady from "./components/ProgressReady.jsx";
  8  |  import StressButton from "./components/StressButton.jsx";
  9  |  import MobileActionBar from "./components/MobileActionBar.jsx";
     |                               ^
  10 |  import FloatingBackground from "./components/FloatingBackground.jsx";
  11 |  import { tips } from "./data/tips.js";[39m
[2m22:02:59[22m [36m[1m[vite][22m[39m [90m[2m(client)[22m[39m [32mpage reload [39m[2mC:/Users/jakob/HeimProjekte/MiaMotivator/src/components/Countdown.jsx[22m
[2m22:02:59[22m [36m[1m[vite][22m[39m [90m[2m(client)[22m[39m [32mpage reload [39m[2msrc/components/Countdown.jsx[22m
[2m22:02:59[22m [31m[1m[vite][22m[39m [31m[2m(client)[22m[39m Pre-transform error: Failed to resolve import "./ExamSchedule.jsx" from "src/components/Hero.jsx". Does the file exist?
  Plugin: [35mvite:import-analysis[39m
  File: [36mC:/Users/jakob/HeimProjekte/MiaMotivator/src/components/Hero.jsx[39m:5:25
[33m  3  |  import Countdown from "./Countdown.jsx";
  4  |  import ConfettiButton from "./ConfettiButton.jsx";
  5  |  import ExamSchedule from "./ExamSchedule.jsx";
     |                            ^
  6  |  export default function Hero({ examSchedule, featuredTip, onStress }) {
  7  |    const scrollToTips = () => {[39m
[2m22:02:59[22m [31m[1m[vite][22m[39m [31mInternal server error: Failed to resolve import "./components/MobileActionBar.jsx" from "src/App.jsx". Does the file exist?[39m
  Plugin: [35mvite:import-analysis[39m
  File: [36mC:/Users/jakob/HeimProjekte/MiaMotivator/src/App.jsx[39m:9:28
[33m  7  |  import ProgressReady from "./components/ProgressReady.jsx";
  8  |  import StressButton from "./components/StressButton.jsx";
  9  |  import MobileActionBar from "./components/MobileActionBar.jsx";
     |                               ^
  10 |  import FloatingBackground from "./components/FloatingBackground.jsx";
  11 |  import { tips } from "./data/tips.js";[39m
      at TransformPluginContext._formatLog (file:///c:/Users/jakob/HeimProjekte/MiaMotivator/node_modules/vite/dist/node/chunks/config.js:29079:43)
      at TransformPluginContext.error (file:///c:/Users/jakob/HeimProjekte/MiaMotivator/node_modules/vite/dist/node/chunks/config.js:29076:14)
      at normalizeUrl (file:///c:/Users/jakob/HeimProjekte/MiaMotivator/node_modules/vite/dist/node/chunks/config.js:27199:18)
      at process.processTicksAndRejections (node:internal/process/task_queues:105:5)
      at async file:///c:/Users/jakob/HeimProjekte/MiaMotivator/node_modules/vite/dist/node/chunks/config.js:27257:32
      at async Promise.all (index 8)
      at async TransformPluginContext.transform (file:///c:/Users/jakob/HeimProjekte/MiaMotivator/node_modules/vite/dist/node/chunks/config.js:27225:4)
      at async EnvironmentPluginContainer.transform (file:///c:/Users/jakob/HeimProjekte/MiaMotivator/node_modules/vite/dist/node/chunks/config.js:28877:14)
      at async loadAndTransform (file:///c:/Users/jakob/HeimProjekte/MiaMotivator/node_modules/vite/dist/node/chunks/config.js:22746:26)
      at async viteTransformMiddleware (file:///c:/Users/jakob/HeimProjekte/MiaMotivator/node_modules/vite/dist/node/chunks/config.js:24622:20)
[2m22:02:59[22m [31m[1m[vite][22m[39m [31m[2m(client)[22m[39m Pre-transform error: Failed to resolve import "./ExamSchedule.jsx" from "src/components/Hero.jsx". Does the file exist?
  Plugin: [35mvite:import-analysis[39m
  File: [36mC:/Users/jakob/HeimProjekte/MiaMotivator/src/components/Hero.jsx[39m:5:25
[33m  3  |  import Countdown from "./Countdown.jsx";
  4  |  import ConfettiButton from "./ConfettiButton.jsx";
  5  |  import ExamSchedule from "./ExamSchedule.jsx";
     |                            ^
  6  |  export default function Hero({ examSchedule, featuredTip, onStress }) {
  7  |    const scrollToTips = () => {[39m
[2m22:03:00[22m [36m[1m[vite][22m[39m [90m[2m(client)[22m[39m [32mpage reload [39m[2msrc/components/ExamSchedule.jsx[22m
[2m22:03:00[22m [31m[1m[vite][22m[39m [31m[2m(client)[22m[39m Pre-transform error: Failed to resolve import "./components/MobileActionBar.jsx" from "src/App.jsx". Does the file exist?
  Plugin: [35mvite:import-analysis[39m
  File: [36mC:/Users/jakob/HeimProjekte/MiaMotivator/src/App.jsx[39m:9:28
[33m  7  |  import ProgressReady from "./components/ProgressReady.jsx";
  8  |  import StressButton from "./components/StressButton.jsx";
  9  |  import MobileActionBar from "./components/MobileActionBar.jsx";
     |                               ^
  10 |  import FloatingBackground from "./components/FloatingBackground.jsx";
  11 |  import { tips } from "./data/tips.js";[39m
[2m22:03:00[22m [31m[1m[vite][22m[39m [31mInternal server error: Failed to resolve import "./components/MobileActionBar.jsx" from "src/App.jsx". Does the file exist?[39m
  Plugin: [35mvite:import-analysis[39m
  File: [36mC:/Users/jakob/HeimProjekte/MiaMotivator/src/App.jsx[39m:9:28
[33m  7  |  import ProgressReady from "./components/ProgressReady.jsx";
  8  |  import StressButton from "./components/StressButton.jsx";
  9  |  import MobileActionBar from "./components/MobileActionBar.jsx";
     |                               ^
  10 |  import FloatingBackground from "./components/FloatingBackground.jsx";
  11 |  import { tips } from "./data/tips.js";[39m
      at TransformPluginContext._formatLog (file:///c:/Users/jakob/HeimProjekte/MiaMotivator/node_modules/vite/dist/node/chunks/config.js:29079:43)
      at TransformPluginContext.error (file:///c:/Users/jakob/HeimProjekte/MiaMotivator/node_modules/vite/dist/node/chunks/config.js:29076:14)
      at normalizeUrl (file:///c:/Users/jakob/HeimProjekte/MiaMotivator/node_modules/vite/dist/node/chunks/config.js:27199:18)
      at process.processTicksAndRejections (node:internal/process/task_queues:105:5)
      at async file:///c:/Users/jakob/HeimProjekte/MiaMotivator/node_modules/vite/dist/node/chunks/config.js:27257:32
      at async Promise.all (index 8)
      at async TransformPluginContext.transform (file:///c:/Users/jakob/HeimProjekte/MiaMotivator/node_modules/vite/dist/node/chunks/config.js:27225:4)
      at async EnvironmentPluginContainer.transform (file:///c:/Users/jakob/HeimProjekte/MiaMotivator/node_modules/vite/dist/node/chunks/config.js:28877:14)
      at async loadAndTransform (file:///c:/Users/jakob/HeimProjekte/MiaMotivator/node_modules/vite/dist/node/chunks/config.js:22746:26)
      at async viteTransformMiddleware (file:///c:/Users/jakob/HeimProjekte/MiaMotivator/node_modules/vite/dist/node/chunks/config.js:24622:20)
[2m22:03:00[22m [36m[1m[vite][22m[39m [90m[2m(client)[22m[39m [32mpage reload [39m[2msrc/components/MobileActionBar.jsx[22m
[2m22:03:12[22m [36m[1m[vite][22m[39m [90m[2m(client)[22m[39m [32mhmr update [39m[2m/@fs/C:/Users/jakob/HeimProjekte/MiaMotivator/src/index.css[22m
[2m22:03:12[22m [36m[1m[vite][22m[39m [90m[2m(client)[22m[39m [32mpage reload [39m[2mC:/Users/jakob/HeimProjekte/MiaMotivator/src/components/LastMinuteTips.jsx[22m
[2m22:03:13[22m [36m[1m[vite][22m[39m [90m[2m(client)[22m[39m [32mhmr update [39m[2m/@fs/C:/Users/jakob/HeimProjekte/MiaMotivator/src/index.css[22m
[2m22:03:24[22m [36m[1m[vite][22m[39m [90m[2m(client)[22m[39m [32mhmr update [39m[2m/@fs/C:/Users/jakob/HeimProjekte/MiaMotivator/src/index.css[22m
[2m22:03:24[22m [36m[1m[vite][22m[39m [90m[2m(client)[22m[39m [32mpage reload [39m[2mC:/Users/jakob/HeimProjekte/MiaMotivator/src/data/tips.js[22m
[2m22:03:25[22m [36m[1m[vite][22m[39m [90m[2m(client)[22m[39m [32mhmr update [39m[2m/@fs/C:/Users/jakob/HeimProjekte/MiaMotivator/src/index.css[22m
[2m22:03:25[22m [36m[1m[vite][22m[39m [90m[2m(client)[22m[39m [32mpage reload [39m[2mC:/Users/jakob/HeimProjekte/MiaMotivator/src/components/StressButton.jsx[22m
[2m22:07:06[22m [36m[1m[vite][22m[39m [90m[2m(client)[22m[39m [32mhmr update [39m[2m/@fs/C:/Users/jakob/HeimProjekte/MiaMotivator/src/index.css[22m
[2m22:07:06[22m [36m[1m[vite][22m[39m [90m[2m(client)[22m[39m [32mpage reload [39m[2mC:/Users/jakob/HeimProjekte/MiaMotivator/src/data/tips.js[22m
[2m22:07:06[22m [36m[1m[vite][22m[39m [90m[2m(client)[22m[39m [32mpage reload [39m[2mC:/Users/jakob/HeimProjekte/MiaMotivator/src/data/tips.js[22m
[2m22:07:06[22m [36m[1m[vite][22m[39m [90m[2m(client)[22m[39m [32mpage reload [39m[2msrc/data/tips.js[22m
[2m22:07:34[22m [36m[1m[vite][22m[39m [90m[2m(client)[22m[39m [32mhmr update [39m[2m/@fs/C:/Users/jakob/HeimProjekte/MiaMotivator/src/index.css[22m
[2m22:07:34[22m [36m[1m[vite][22m[39m [90m[2m(client)[22m[39m [32mpage reload [39m[2mC:/Users/jakob/HeimProjekte/MiaMotivator/src/App.jsx[22m
[2m22:07:34[22m [36m[1m[vite][22m[39m [90m[2m(client)[22m[39m [32mhmr update [39m[2m/@fs/C:/Users/jakob/HeimProjekte/MiaMotivator/src/index.css[22m
[2m22:07:34[22m [36m[1m[vite][22m[39m [90m[2m(client)[22m[39m [32mpage reload [39m[2mC:/Users/jakob/HeimProjekte/MiaMotivator/src/components/Hero.jsx[22m
[2m22:07:34[22m [31m[1m[vite][22m[39m [31m[2m(client)[22m[39m Pre-transform error: Failed to resolve import "./components/EnglishOralPrep.jsx" from "src/App.jsx". Does the file exist?
  Plugin: [35mvite:import-analysis[39m
  File: [36mC:/Users/jakob/HeimProjekte/MiaMotivator/src/App.jsx[39m:3:28
[33m  1  |  import React, { useMemo, useRef, useState } from "react";
  2  |  import Hero from "./components/Hero.jsx";
  3  |  import EnglishOralPrep from "./components/EnglishOralPrep.jsx";
     |                               ^
  4  |  import TipCarousel from "./components/TipCarousel.jsx";
  5  |  import BreathingExercise from "./components/BreathingExercise.jsx";[39m
[2m22:07:34[22m [36m[1m[vite][22m[39m [90m[2m(client)[22m[39m [32mhmr update [39m[2m/@fs/C:/Users/jakob/HeimProjekte/MiaMotivator/src/index.css[22m
[2m22:07:34[22m [36m[1m[vite][22m[39m [90m[2m(client)[22m[39m [32mpage reload [39m[2mC:/Users/jakob/HeimProjekte/MiaMotivator/src/components/MobileActionBar.jsx[22m
[2m22:07:34[22m [31m[1m[vite][22m[39m [31m[2m(client)[22m[39m Pre-transform error: Failed to resolve import "./components/EnglishOralPrep.jsx" from "src/App.jsx". Does the file exist?
  Plugin: [35mvite:import-analysis[39m
  File: [36mC:/Users/jakob/HeimProjekte/MiaMotivator/src/App.jsx[39m:3:28
[33m  1  |  import React, { useMemo, useRef, useState } from "react";
  2  |  import Hero from "./components/Hero.jsx";
  3  |  import EnglishOralPrep from "./components/EnglishOralPrep.jsx";
     |                               ^
  4  |  import TipCarousel from "./components/TipCarousel.jsx";
  5  |  import BreathingExercise from "./components/BreathingExercise.jsx";[39m
[2m22:07:34[22m [31m[1m[vite][22m[39m [31mInternal server error: Failed to resolve import "./components/EnglishOralPrep.jsx" from "src/App.jsx". Does the file exist?[39m
  Plugin: [35mvite:import-analysis[39m
  File: [36mC:/Users/jakob/HeimProjekte/MiaMotivator/src/App.jsx[39m:3:28
[33m  1  |  import React, { useMemo, useRef, useState } from "react";
  2  |  import Hero from "./components/Hero.jsx";
  3  |  import EnglishOralPrep from "./components/EnglishOralPrep.jsx";
     |                               ^
  4  |  import TipCarousel from "./components/TipCarousel.jsx";
  5  |  import BreathingExercise from "./components/BreathingExercise.jsx";[39m
      at TransformPluginContext._formatLog (file:///c:/Users/jakob/HeimProjekte/MiaMotivator/node_modules/vite/dist/node/chunks/config.js:29079:43)
      at TransformPluginContext.error (file:///c:/Users/jakob/HeimProjekte/MiaMotivator/node_modules/vite/dist/node/chunks/config.js:29076:14)
      at normalizeUrl (file:///c:/Users/jakob/HeimProjekte/MiaMotivator/node_modules/vite/dist/node/chunks/config.js:27199:18)
      at process.processTicksAndRejections (node:internal/process/task_queues:105:5)
      at async file:///c:/Users/jakob/HeimProjekte/MiaMotivator/node_modules/vite/dist/node/chunks/config.js:27257:32
      at async Promise.all (index 2)
      at async TransformPluginContext.transform (file:///c:/Users/jakob/HeimProjekte/MiaMotivator/node_modules/vite/dist/node/chunks/config.js:27225:4)
      at async EnvironmentPluginContainer.transform (file:///c:/Users/jakob/HeimProjekte/MiaMotivator/node_modules/vite/dist/node/chunks/config.js:28877:14)
      at async loadAndTransform (file:///c:/Users/jakob/HeimProjekte/MiaMotivator/node_modules/vite/dist/node/chunks/config.js:22746:26)
      at async viteTransformMiddleware (file:///c:/Users/jakob/HeimProjekte/MiaMotivator/node_modules/vite/dist/node/chunks/config.js:24622:20)
[2m22:07:34[22m [36m[1m[vite][22m[39m [90m[2m(client)[22m[39m [32mpage reload [39m[2msrc/components/EnglishOralPrep.jsx[22m
[2m22:07:34[22m [36m[1m[vite][22m[39m [90m[2m(client)[22m[39m [32mpage reload [39m[2mindex.html[22m
[2m22:08:00[22m [36m[1m[vite][22m[39m [90m[2m(client)[22m[39m [32mhmr update [39m[2m/@fs/C:/Users/jakob/HeimProjekte/MiaMotivator/src/index.css[22m
[2m22:08:00[22m [36m[1m[vite][22m[39m [90m[2m(client)[22m[39m [32mpage reload [39m[2mC:/Users/jakob/HeimProjekte/MiaMotivator/src/App.jsx[22m
[2m22:08:00[22m [36m[1m[vite][22m[39m [90m[2m(client)[22m[39m [32mhmr update [39m[2m/@fs/C:/Users/jakob/HeimProjekte/MiaMotivator/src/index.css[22m
[2m22:08:00[22m [36m[1m[vite][22m[39m [90m[2m(client)[22m[39m [32mpage reload [39m[2mC:/Users/jakob/HeimProjekte/MiaMotivator/src/components/LastMinuteTips.jsx[22m
[2m22:08:01[22m [36m[1m[vite][22m[39m [90m[2m(client)[22m[39m [32mhmr update [39m[2m/@fs/C:/Users/jakob/HeimProjekte/MiaMotivator/src/index.css[22m
[2m22:08:01[22m [36m[1m[vite][22m[39m [90m[2m(client)[22m[39m [32mpage reload [39m[2mC:/Users/jakob/HeimProjekte/MiaMotivator/src/components/ProgressReady.jsx[22m
[2m22:10:44[22m [36m[1m[vite][22m[39m [90m[2m(client)[22m[39m [32mhmr update [39m[2m/@fs/C:/Users/jakob/HeimProjekte/MiaMotivator/src/index.css[22m
[2m22:10:44[22m [36m[1m[vite][22m[39m [90m[2m(client)[22m[39m [32mpage reload [39m[2mC:/Users/jakob/HeimProjekte/MiaMotivator/src/App.jsx[22m
[2m22:10:44[22m [36m[1m[vite][22m[39m [90m[2m(client)[22m[39m [32mpage reload [39m[2mC:/Users/jakob/HeimProjekte/MiaMotivator/src/App.jsx[22m
[2m22:10:44[22m [36m[1m[vite][22m[39m [90m[2m(client)[22m[39m [32mpage reload [39m[2msrc/App.jsx[22m
[2m22:10:45[22m [36m[1m[vite][22m[39m [90m[2m(client)[22m[39m [32mhmr update [39m[2m/@fs/C:/Users/jakob/HeimProjekte/MiaMotivator/src/index.css[22m
[2m22:10:45[22m [36m[1m[vite][22m[39m [90m[2m(client)[22m[39m [32mpage reload [39m[2mC:/Users/jakob/HeimProjekte/MiaMotivator/src/components/Hero.jsx[22m
[2m22:10:45[22m [36m[1m[vite][22m[39m [90m[2m(client)[22m[39m [32mpage reload [39m[2mC:/Users/jakob/HeimProjekte/MiaMotivator/src/components/Hero.jsx[22m
[2m22:10:45[22m [36m[1m[vite][22m[39m [90m[2m(client)[22m[39m [32mhmr update [39m[2m/@fs/C:/Users/jakob/HeimProjekte/MiaMotivator/src/index.css[22m
[2m22:10:45[22m [36m[1m[vite][22m[39m [90m[2m(client)[22m[39m [32mhmr update [39m[2m/@fs/C:/Users/jakob/HeimProjekte/MiaMotivator/src/index.css[22m
[2m22:10:45[22m [36m[1m[vite][22m[39m [90m[2m(client)[22m[39m [32mpage reload [39m[2mC:/Users/jakob/HeimProjekte/MiaMotivator/src/components/MobileActionBar.jsx[22m
[2m22:10:45[22m [36m[1m[vite][22m[39m [90m[2m(client)[22m[39m [32mpage reload [39m[2mC:/Users/jakob/HeimProjekte/MiaMotivator/src/components/MobileActionBar.jsx[22m
[2m22:10:45[22m [36m[1m[vite][22m[39m [90m[2m(client)[22m[39m [32mpage reload [39m[2msrc/components/MobileActionBar.jsx[22m
[2m22:11:54[22m [36m[1m[vite][22m[39m [90m[2m(client)[22m[39m [32mhmr update [39m[2m/@fs/C:/Users/jakob/HeimProjekte/MiaMotivator/src/index.css[22m
[2m22:11:54[22m [36m[1m[vite][22m[39m [90m[2m(client)[22m[39m [32mpage reload [39m[2mC:/Users/jakob/HeimProjekte/MiaMotivator/src/components/TipCarousel.jsx[22m
[2m22:11:54[22m [36m[1m[vite][22m[39m [90m[2m(client)[22m[39m [32mpage reload [39m[2mC:/Users/jakob/HeimProjekte/MiaMotivator/src/components/TipCarousel.jsx[22m
[2m22:11:54[22m [36m[1m[vite][22m[39m [90m[2m(client)[22m[39m [32mhmr update [39m[2m/@fs/C:/Users/jakob/HeimProjekte/MiaMotivator/src/index.css[22m
[2m22:11:54[22m [36m[1m[vite][22m[39m [90m[2m(client)[22m[39m [32mhmr update [39m[2m/@fs/C:/Users/jakob/HeimProjekte/MiaMotivator/src/index.css[22m
[2m22:11:54[22m [36m[1m[vite][22m[39m [90m[2m(client)[22m[39m [32mpage reload [39m[2mC:/Users/jakob/HeimProjekte/MiaMotivator/src/components/EnglishOralPrep.jsx[22m
[2m22:11:54[22m [36m[1m[vite][22m[39m [90m[2m(client)[22m[39m [32mpage reload [39m[2mC:/Users/jakob/HeimProjekte/MiaMotivator/src/components/EnglishOralPrep.jsx[22m
[2m22:11:54[22m [36m[1m[vite][22m[39m [90m[2m(client)[22m[39m [32mhmr update [39m[2m/@fs/C:/Users/jakob/HeimProjekte/MiaMotivator/src/index.css[22m
[2m22:11:59[22m [36m[1m[vite][22m[39m [90m[2m(client)[22m[39m [32mhmr update [39m[2m/@fs/C:/Users/jakob/HeimProjekte/MiaMotivator/src/index.css[22m
[2m22:11:59[22m [36m[1m[vite][22m[39m [90m[2m(client)[22m[39m [32mpage reload [39m[2mC:/Users/jakob/HeimProjekte/MiaMotivator/src/components/LastMinuteTips.jsx[22m
[2m22:15:37[22m [36m[1m[vite][22m[39m [90m[2m(client)[22m[39m [32mhmr update [39m[2m/@fs/C:/Users/jakob/HeimProjekte/MiaMotivator/src/index.css[22m
[2m22:15:37[22m [36m[1m[vite][22m[39m [90m[2m(client)[22m[39m [32mpage reload [39m[2mC:/Users/jakob/HeimProjekte/MiaMotivator/src/components/ConfettiButton.jsx[22m
[2m22:15:37[22m [36m[1m[vite][22m[39m [90m[2m(client)[22m[39m [32mhmr update [39m[2m/@fs/C:/Users/jakob/HeimProjekte/MiaMotivator/src/index.css[22m
[2m22:15:37[22m [36m[1m[vite][22m[39m [90m[2m(client)[22m[39m [32mpage reload [39m[2mC:/Users/jakob/HeimProjekte/MiaMotivator/src/components/MotivationSection.jsx[22m
[2m22:15:37[22m [36m[1m[vite][22m[39m [90m[2m(client)[22m[39m [32mpage reload [39m[2mC:/Users/jakob/HeimProjekte/MiaMotivator/src/components/MotivationSection.jsx[22m
[2m22:15:37[22m [36m[1m[vite][22m[39m [90m[2m(client)[22m[39m [32mhmr update [39m[2m/@fs/C:/Users/jakob/HeimProjekte/MiaMotivator/src/index.css[22m
[2m22:15:44[22m [36m[1m[vite][22m[39m [90m[2m(client)[22m[39m [32mhmr update [39m[2m/@fs/C:/Users/jakob/HeimProjekte/MiaMotivator/src/index.css[22m
[2m22:15:44[22m [36m[1m[vite][22m[39m [90m[2m(client)[22m[39m [32mpage reload [39m[2mC:/Users/jakob/HeimProjekte/MiaMotivator/src/components/Hero.jsx[22m
[2m22:15:44[22m [36m[1m[vite][22m[39m [90m[2m(client)[22m[39m [32mhmr update [39m[2m/@fs/C:/Users/jakob/HeimProjekte/MiaMotivator/src/index.css[22m
[2m22:15:44[22m [36m[1m[vite][22m[39m [90m[2m(client)[22m[39m [32mpage reload [39m[2mC:/Users/jakob/HeimProjekte/MiaMotivator/src/components/MobileActionBar.jsx[22m
[2m22:16:07[22m [36m[1m[vite][22m[39m [90m[2m(client)[22m[39m [32mhmr update [39m[2m/@fs/C:/Users/jakob/HeimProjekte/MiaMotivator/src/index.css[22m
[2m22:16:07[22m [36m[1m[vite][22m[39m [90m[2m(client)[22m[39m [32mpage reload [39m[2mC:/Users/jakob/HeimProjekte/MiaMotivator/src/components/MotivationPhotoCard.jsx[22m
[2m22:17:22[22m [36m[1m[vite][22m[39m [90m[2m(client)[22m[39m [32mhmr update [39m[2m/@fs/C:/Users/jakob/HeimProjekte/MiaMotivator/src/index.css[22m
[2m22:17:22[22m [36m[1m[vite][22m[39m [90m[2m(client)[22m[39m [32mpage reload [39m[2mC:/Users/jakob/HeimProjekte/MiaMotivator/src/components/MotivationPhotoCard.jsx[22m
[2m22:18:09[22m [36m[1m[vite][22m[39m [90m[2m(client)[22m[39m [32mhmr update [39m[2m/@fs/C:/Users/jakob/HeimProjekte/MiaMotivator/src/index.css[22m
[2m22:18:09[22m [36m[1m[vite][22m[39m [90m[2m(client)[22m[39m [32mpage reload [39m[2mC:/Users/jakob/HeimProjekte/MiaMotivator/src/components/ConfettiButton.jsx[22m
[2m22:20:35[22m [36m[1m[vite][22m[39m [90m[2m(client)[22m[39m [32mhmr update [39m[2m/@fs/C:/Users/jakob/HeimProjekte/MiaMotivator/src/index.css[22m
[2m22:20:35[22m [36m[1m[vite][22m[39m [90m[2m(client)[22m[39m [32mpage reload [39m[2mC:/Users/jakob/HeimProjekte/MiaMotivator/src/components/ConfettiButton.jsx[22m
